20220421
menu_dlc001.arc,[CM3D2 Shop][Freebee 01][Separate Maid Uniform]
menu_dlc002.arc,[CM3D2 Shop][DLC Set Vol.01][Casual Cardigan Set]
menu_dlc003.arc,[CM3D2 Shop][DLC Set Vol.01][Ribbon One Piece Set]
menu_dlc004.arc,[CM3D2 Shop][DLC Set Vol.01][Married Style Plain Clothes Set]
menu_dlc005.arc,[CM3D2 Shop][DLC Set Vol.01][Mini Shrine Maiden Set]
menu_dlc006.arc,[CM3D2 Shop][DLC Set Vol.02][SLC Costume Set]
menu_dlc007.arc,[CM3D2 Shop][DLC Set Vol.02][Off-The-Shoulder Plain Clothing Set]
menu_dlc008.arc,[CM3D2 Shop][DLC Set Vol.02][Conservatory Bolero Set]
menu_dlc009.arc,[CM3D2 Shop][DLC Set Vol.02][Girly Parker Set]
menu_dlc010.arc,[CM3D2 Shop][DLC Set Vol.03][Hoodie & Hot Pants Set]
menu_dlc011.arc,[CM3D2 Shop][DLC Set Vol.03][Little Formal Set]
menu_dlc012.arc,[CM3D2 Shop][DLC Set Vol.03][Slave Clothes Set]
menu_dlc013.arc,[CM3D2 Shop][DLC Set Vol.03][Magical Witch Set]
menu_denkigai2015s001.arc,[CM3D2 Shop][Denkigai 2015][Summer Item Set]
menu_dlc014.arc,[CM3D2 Shop][Freebee 02][Cow Costume Set]
csv_ytgc001.arc,[CM3D2 Shop][Yotogi Class Skills Vol.01][Sweet Maid]
menu_dlc015.arc,[CM3D2 Shop][DLC Set Vol.04][College Girl Set]
menu_dlc016.arc,[CM3D2 Shop][DLC Set Vol.04][Goth Loli Sunny Dress Set]
menu_dlc017.arc,[CM3D2 Shop][DLC Set Vol.04][Mini Sister Set]
menu_dlc018.arc,[CM3D2 Shop][DLC Set Vol.04][Shrine Maiden Set]
menu_dlc019.arc,[CM3D2 Shop][DLC Set Vol.05][Vertikal Sweater Plain Clothes Set]
menu_dlc020.arc,[CM3D2 Shop][DLC Set Vol.05][CA Uniform Set]
menu_dlc021.arc,[CM3D2 Shop][DLC Set Vol.05][Pumpkin Witch Set]
menu_dlc022.arc,[CM3D2 Shop][DLC Set Vol.05][MML Bondage Set]
menu_vp001.arc,[CM3D2 Append][Visual Pack]
csv_ytgc002.arc,[CM3D2 Shop][Yotogi Class Skills Vol.02][Party Maid]
menu_dlc023.arc,[CM3D2 Shop][DLC Set Vol.06][Hair][Custom Made Hair Set A]
menu_dlc024.arc,[CM3D2 Shop][DLC Set Vol.06][Hair][Custom Made Hair Set B]
menu_dlc025.arc,[CM3D2 Shop][DLC Set Vol.06][Hair][Custom Made Hair Set C]
menu_dlc026.arc,[CM3D2 Shop][DLC Set Vol.06][Pajama Set]
menu_dlc027.arc,[CM3D2 Shop][DLC Set Vol.06][Mini Skirt Set]
menu_dlc028.arc,[CM3D2 Shop][DLC Set Vol.07][Nadeshiko Maid Clothes]
menu_dlc029.arc,[CM3D2 Shop][DLC Set Vol.07][Hair][Japanese Style Long]
menu_dlc030.arc,[CM3D2 Shop][DLC Set Vol.07][Clerk Set]
menu_dlc031.arc,[CM3D2 Shop][DLC Set Vol.07][Fluffy Coat Set]
csv_ytgc003.arc,[CM3D2 Shop][Yotogi Class Skills Vol.03][Sex Slave Maid]
menu_dlc032.arc,[CM3D2 Shop][DLC Set Vol.08][Female Teacher Set]
menu_dlc033.arc,[CM3D2 Shop][DLC Set Vol.08][School Lancet]
menu_dlc034.arc,[CM3D2 Shop][DLC Set Vol.08][Ron T Plain Clothes Set]
menu_dlc035.arc,[CM3D2 Shop][DLC Set Vol.08][Hair][Charming]
menu_ordermade001.arc,[CM3D2 Shop][Freebee 03][Yandere Launch Set]
csv_personal001.arc,[CM3D2 Append][Personality Add-on][Yandere]
menu_dlc036.arc,[CM3D2 Shop][DLC Set Vol.09][Santa Costume Set]
menu_dlc037.arc,[CM3D2 Shop][DLC Set Vol.09][Ruffle Dress Set]
menu_dlc038.arc,[CM3D2 Shop][DLC Set Vol.09][Hair][Sporty]
menu_dlc039.arc,[CM3D2 Shop][DLC Set Vol.09][Female Student Masakaze Set]
menu_dlc040.arc,[CM3D2 Shop][DLC Set Vol.10][Duffel Coat Set]
menu_dlc041.arc,[CM3D2 Shop][DLC Set Vol.10][Sexy Kunoichi Set]
menu_dlc042.arc,[CM3D2 Shop][DLC Set Vol.10][Yukata Set]
menu_dlc043.arc,[CM3D2 Shop][DLC Set Vol.10][Hair][Uphair]
menu_dlc044.arc,[CM3D2 Shop][Collaboration 01][F&C-FC02][PIA3 Costume Set][Floral Mint]
menu_dlc045.arc,[CM3D2 Shop][Collaboration 01][F&C-FC02][PIA3 Costume Set][Paruparo]
menu_dlc046.arc,[CM3D2 Shop][Collaboration 01][F&C-FC02][PIA3 Costume Set][Tropical]
menu_denkigai2015w.arc,[CM3D2 Shop][Denkigai 2015][Winter Item Set]
script_denkigai2015w.arc,[CM3D2 Shop][Denkigai 2015][Winter Item Set][Event]
bg_denkigai2015wMugcup.arc,[CM3D2 MISC][Denkigai 2015 Winter][Mug]
menu_denkigai2015wTshirt.arc,[CM3D2 MISC][Denkigai 2015 Winter][T-Shirt]
csv_denkigai2015wStandB.arc,[CM3D2 MISC][Denkigai 2015 Winter][Photo Stand B]
script_denkigai2015wvoicecd.arc,[CM3D2 MISC][Denkigai 2015 Winter][Maid Greetings Voice CD]
menu_denkigai2015wPants.arc,[CM3D2 MISC][Denkigai 2015 Winter][Panties+Skill]
menu_denkigai2015wTowel.arc,[CM3D2 MISC][Denkigai 2015 Winter][Towel Set]
menu_pp001.arc,[CM3D2 Append][Plus Pack ACT 1.0]
menu_dlc047.arc,[CM3D2 Shop][DLC Set Vol.11][Animal Costume Set]
menu_dlc048.arc,[CM3D2 Shop][DLC Set Vol.11][High leg Leotard Set]
menu_dlc049.arc,[CM3D2 Shop][DLC Set Vol.11][Bikini Armor Set]
menu_dlc050.arc,[CM3D2 Shop][DLC Set Vol.11][Hair][Mysterious]
menu_dlc051.arc,[CM3D2 Shop][Collaboration 02][Lose][Maitetsu Costume Set][Hachiroku]
menu_dlc052.arc,[CM3D2 Shop][Collaboration 02][Lose][Maitetsu Costume Set][Reina]
csv_ytgc004.arc,[CM3D2 Shop][Yotogi Class Skills Vol.04][Bridal Maid]
menu_dlc053.arc,[CM3D2 Shop][DLC Set Vol.12][Spring Ruffle Set]
menu_dlc054.arc,[CM3D2 Shop][DLC Set Vol.12][Belt Punk Set]
menu_dlc055.arc,[CM3D2 Shop][DLC Set Vol.12][Classical Maid Clothing]
menu_dlc056.arc,[CM3D2 Shop][DLC Set Vol.12][Hair][Vertical Roll]
menu_dlc057.arc,[CM3D2 Shop][Collaboration 03][Madosoft][WagaHigh Set][Ousui Academy Uniform Set]
menu_dlc058.arc,[CM3D2 Shop][Collaboration 03][Madosoft][WagaHigh Set][Ribbon Set]
csv_ytgc005.arc,[CM3D2 Shop][Yotogi Class Skills Vol.05][Succubus Maid]
menu_dlc059.arc,[CM3D2 Shop][Monthly Pack 01][Enjoy Cassome Life][Pure Maid Clothes]
menu_dlc060.arc,[CM3D2 Shop][Monthly Pack 01][Enjoy Cassome Life][Tennis Wear Set]
menu_dlc061.arc,[CM3D2 Shop][Monthly Pack 01][Enjoy Cassome Life][Sober Plain Clothes Set]
menu_dlc062.arc,[CM3D2 Shop][Monthly Pack 01][Enjoy Cassome Life][Flower Lace Set]
script_cos001.arc,[CM3D2 Shop][Monthly Pack 01][Enjoy Cassome Life]Event][Show Off Events]
menu_dlc079.arc,[CM3D2 Shop][Freebee 04][Fox Ears and Tail]
menu_dlc063.arc,[CM3D2 Shop][Collaboration 04][Lump of Sugar][Tayutama 2 Set][Private Takachiho Academy Uniform]
menu_dlc064.arc,[CM3D2 Shop][Collaboration 04][Lump of Sugar][Tayutama 2 Set][Sohsei Experimental Academy of Learning Uniform]
csv_personal002.arc,[CM3D2 Append][Personality Add-on][Oneechan]
menu_dlc065.arc,[CM3D2 Shop][Monthly Pack 02][Enjoy Cassome Life][Dancing Maid Clothes]
menu_dlc066.arc,[CM3D2 Shop][Monthly Pack 02][Enjoy Cassome Life][Dancing Cheerleader Set]
menu_dlc067.arc,[CM3D2 Shop][Monthly Pack 02][Enjoy Cassome Life][Shape Up Set]
menu_dlc068.arc,[CM3D2 Shop][Monthly Pack 02][Enjoy Cassome Life][Hair][Round Casual]
script_cos002.arc,[CM3D2 Shop][Monthly Pack 02][Enjoy Cassome Life][Event][]
menu_dlc080.arc,[CM3D2 Shop][Collaboration 05][White Powder][LAMUNATION!][Yingyi Set]
menu_dlc081.arc,[CM3D2 Shop][Collaboration 05][White Powder][LAMUNATION!][Iris Set]
csv_ytgc006.arc,[CM3D2 Shop][Yotogi Class Skills Vol.06][Queen Maid]
menu_dlc071.arc,[CM3D2 Shop][Monthly Pack 03][Enjoy Cassome Life][Sexy Mini China Set]
menu_dlc072.arc,[CM3D2 Shop][Monthly Pack 03][Enjoy Cassome Life][Sexy Cheerleader Set]
menu_dlc073.arc,[CM3D2 Shop][Monthly Pack 03][Enjoy Cassome Life][Ruffle Sexy Maid Clothes]
menu_dlc074.arc,[CM3D2 Shop][Monthly Pack 03][Enjoy Cassome Life][Cut & Sexy Lace Set]
script_cos003.arc,[CM3D2 Shop][Monthly Pack 03][Enjoy Cassome Life][Event][Show Off Events]
menu_dlc082.arc,[CM3D2 Shop][Collaboration 06][Yuzusoft][Senren*Banka Costume Set][Tomotake Yoshino]
menu_dlc083.arc,[CM3D2 Shop][Collaboration 06][Yuzusoft][Senren*Banka Costume Set][Hitachi Mako]
csv_ytgc007.arc,[CM3D2 Shop][Yotogi Class Skills Vol.07][Darkness Maid]
menu_dlc075.arc,[CM3D2 Shop][Monthly Pack 04][Enjoy Cassome Life][Summer Uniform Set]
menu_dlc076.arc,[CM3D2 Shop][Monthly Pack 04][Enjoy Cassome Life][Summer Casual Set]
menu_dlc077.arc,[CM3D2 Shop][Monthly Pack 04][Enjoy Cassome Life][Ghost Set]
menu_dlc078.arc,[CM3D2 Shop][Monthly Pack 04][Enjoy Cassome Life][Sweet Lace Set]
script_cos004.arc,[CM3D2 Shop][Monthly Pack 04][Enjoy Cassome Life][Event][Performance Events]
menu_dlc084.arc,[CM3D2 Shop][Collaboration 07][ANIM][Wife's Voice Behind the Wall 2][Chisa Odako Yingyaki Set]
script_dlc084.arc,[CM3D2 Shop][Collaboration 07][ANIM][Wife's Voice Behind the Wall 2][Swapping Event]
menu_pp002.arc,[CM3D2 Append][Plus Pack ACT 2.0]
menu_dlc085.arc,[CM3D2 Shop][Collaboration 08][KISS][Kanotsuku 2][Costume Set]
motion_CanKnowTwoClose.arc,[CM3D2 Shop][Collaboration 08][KISS][Kanotsuku 2][Dance][Can Know Two Close]
csv_ytgc008.arc,[CM3D2 Shop][Yotogi Class Skills Vol.08][Cherish Maid]
menu_dlc090.arc,[CM3D2 Shop][Freebee 05][Sports Sunglasses]
menu_dlc086.arc,[CM3D2 Shop][Monthly Pack 05][Enjoy Cassome Life][Basketball Uniform Set]
menu_dlc087.arc,[CM3D2 Shop][Monthly Pack 05][Enjoy Cassome Life][Cycling Set]
menu_dlc088.arc,[CM3D2 Shop][Monthly Pack 05][Enjoy Cassome Life][Running Set]
menu_dlc089.arc,[CM3D2 Shop][Monthly Pack 05][Enjoy Cassome Life][Stretch Inner Set]
script_cos005.arc,[CM3D2 Shop][Monthly Pack 05][Enjoy Cassome Life][Event][Show Off]
menu_denkigai2016s.arc,[CM3D2 Shop][Denkigai 2016][Summer Item Set]
script_denkigai2016s.arc,[CM3D2 Shop][Denkigai 2016][Summer Item Set][Event]
csv_denkigai2016sPoster3d2act2.arc,[CM3D2 MISC][Denkigai 2016 Summer][Act 2 Poster]
menu_denkigai2016sMekakusi.arc,[CM3D2 MISC][Denkigai 2016 Summer][Blindfold+Skill]
menu_denkigai2016Sensu1.arc,[CM3D2 MISC][Denkigai 2016 Summer][Fan]
menu_denkigai2016sTshirt.arc,[CM3D2 MISC][Denkigai 2016 Summer][T-Shirt]
csv_denkigai2016sOkou.arc,[CM3D2 MISC][Denkigai 2016 Summer][Incense Coaster+Skill]
motion_denkigai2016sSoine.arc,[CM3D2 MISC][Denkigai 2016 Summer][Lap Pillow Plugin]
csv_denkigai2016sMugcup.arc,[CM3D2 MISC][Denkigai 2016 Summer][Mugcup]
csv_denkigai2016sLeathercase.arc,[CM3D2 MISC][Denkigai 2016 Summer][Leathercase]
csv_denkigai2016sMastercard.arc,[CM3D2 MISC][Denkigai 2016 Summer][Mastercard]
csv_denkigai2016sStand.arc,[CM3D2 MISC][Denkigai 2016 Summer][Stand]
bg_denkigai2016sMizu.arc,[CM3D2 MISC][Denkigai 2016 Summer][Maid Water]
menu_denkigai2016sSukumizu.arc,[CM3D2 MISC][Denkigai 2016 Summer][School Swimsuit + Skill]
menu_dlc099.arc,[CM3D2 Shop][Freebee 06][Dohatsuten Male Head]
menu_dlc098.arc,[CM3D2 Shop][Freebee 07][Headphones]
menu_dlc095.arc,[CM3D2 Shop][Custom Maid Hair Set][Hair][Tossed Short]
menu_dlc096.arc,[CM3D2 Shop][Custom Maid Hair Set][Hair][2-Piece Sedger Short]
menu_dlc097.arc,[CM3D2 Shop][Custom Maid Hair Set][Hair][Marupatsan]
csv_ytgc009.arc,[CM3D2 Shop][Yotogi Class Skills Vol.09][Bound Maid]
menu_dlc091.arc,[CM3D2 Shop][Monthly Pack 06][Enjoy Cassome Life][Rider Set]
menu_dlc092.arc,[CM3D2 Shop][Monthly Pack 06][Enjoy Cassome Life][Race Queen Set]
menu_dlc093.arc,[CM3D2 Shop][Monthly Pack 06][Enjoy Cassome Life][Western Set]
menu_dlc094.arc,[CM3D2 Shop][Monthly Pack 06][Enjoy Cassome Life][Soft Lace Set]
script_cos006.arc,[CM3D2 Shop][Monthly Pack 06][Enjoy Cassome Life][Event][Show Off]
menu_dlc100.arc,[CM3D2 Shop][Collaboration 09][Pajamas Extasy][LoveSis Costume Set][Kisara]
menu_dlc101.arc,[CM3D2 Shop][Collaboration 09][Pajamas Extasy][LoveSis Costume Set][Pnina]
csv_personal003.arc,[CM3D2 Append][Personality Add-on][Genki]
menu_dlc069.arc,[CM3D2 Shop][Freebee 08][White Lace Set]
menu_dlc102.arc,[CM3D2 Shop][Monthly Pack 07][Gothic Maid Clothes]
menu_dlc103.arc,[CM3D2 Shop][Monthly Pack 07][Small Devil Maid Clothes]
menu_dlc104.arc,[CM3D2 Shop][Monthly Pack 07][Angel Maid Clothes]
menu_dlc105.arc,[CM3D2 Shop][Monthly Pack 07][Angel Lingerie]
script_cos007.arc,[CM3D2 Shop][Monthly Pack 07][Character VIP Plus][Tsundere]
menu_dlc110.arc,[CM3D2 Shop][Collaboration 10][Minato Soft][Majikoi Costume Set][Yukie Set]
menu_dlc111.arc,[CM3D2 Shop][Collaboration 10][Minato Soft][Majikoi Costume Set][Margit Set]
csv_ytgc010.arc,[CM3D2 Shop][Yotogi Class Skills Vol.10][Erotic Maid]
menu_dlc106.arc,[CM3D2 Shop][Monthly Pack 08][Punk Gothic Set]
menu_dlc107.arc,[CM3D2 Shop][Monthly Pack 08][Santa Maid Clothing]
menu_dlc108.arc,[CM3D2 Shop][Monthly Pack 08][Magician Set]
menu_dlc109.arc,[CM3D2 Shop][Monthly Pack 08][Schuette Lingerie]
script_cos008.arc,[CM3D2 Shop][Monthly Pack 08][Character VIP Plus][Kuudere]
menu_dlc112.arc,[CM3D2 Shop][Collaboration 11][HARUKAZE][Princess Stray Cat and Matters of the Heart Costume Set][Patricia]
menu_dlc113.arc,[CM3D2 Shop][Collaboration 11][HARUKAZE][Princess Stray Cat and Matters of the Heart Costume Set][Yuki]
menu_dlc114.arc,[CM3D2 Shop][Monthly Pack 09][Normal Maid Clothes]
menu_dlc115.arc,[CM3D2 Shop][Monthly Pack 09][Marching Idol Set]
menu_dlc116.arc,[CM3D2 Shop][Monthly Pack 09][Oiran Mini Dress Set]
menu_dlc117.arc,[CM3D2 Shop][Monthly Pack 09][Japanese Pattern Loincloth]
script_cos009.arc,[CM3D2 Shop][Monthly Pack 09][Character VIP Plus][Junma]
menu_dlc118.arc,[CM3D2 Shop][Freebee 09][New Years Hair Decoration]
csv_denkigai2016w.arc,[CM3D2 Shop][Denkigai 2016 Winter Item Set]
script_denkigai2016w.arc,[CM3D2 Shop][Denkigai 2016 Winter Item Set][Event]
csv_denkigai2016wcalendar.arc,[CM3D2 MISC][Denkigai 2016 Winter][Calendar]
menu_denkigai2016wkubiwa.arc,[CM3D2 MISC][Denkigai 2016 Winter][Collar]
csv_denkigai2016wvoicedvd.arc,[CM3D2 MISC][Denkigai 2016 Winter][Maid Encouragement Plugin]
menu_dlc123.arc,[CM3D2 Shop][Collaboration 12][NanaWind][HaruGra Costume Set][Yuuri Uniform Set]
menu_dlc124.arc,[CM3D2 Shop][Collaboration 12][NanaWind][HaruGra Costume Set][Kazuah Casual Set]
menu_dlc119.arc,[CM3D2 Shop][Monthly Pack 10][Stajan Set]
menu_dlc120.arc,[CM3D2 Shop][Monthly Pack 10][Ski Wear Set]
menu_dlc121.arc,[CM3D2 Shop][Monthly Pack 10][Femipan Casual Set]
menu_dlc122.arc,[CM3D2 Shop][Monthly Pack 10][Demon Girl Costume Set]
script_cos010yan.arc,[CM3D2 Shop][Monthly Pack 10][Character VIP Plus][Yandere]
script_cos010.arc,[CM3D2 Shop][Monthly Pack 10][Situation VIP Plus][Nice Maid]
menu_pp003.arc,[CM3D2 Append][Plus Pack ACT 3.0]
menu_dlc126.arc,[CM3D2 Shop][Collaboration 13][Clochette][Haruru Minamo ni! - Costume Set][Kanau Swimsuit Set]
menu_dlc127.arc,[CM3D2 Shop][Collaboration 13][Clochette][Haruru Minamo ni! - Costume Set][Mei Swimsuit Set]
menu_dlc128.arc,[CM3D2 Shop][Collaboration 13][Clochette][Haruru Minamo ni! - Costume Set][Ema Swimsuit Set]
menu_dlc129.arc,[CM3D2 Shop][Collaboration 13][Clochette][Haruru Minamo ni! - Costume Set][School Uniform Set]
csv_ytgc011.arc,[CM3D2 Shop][Yotogi Class Skills Vol.11][Flirty Love Maid]
menu_dlc130.arc,[CM3D2 Shop][Monthly Pack 11][Suspender Bunny Set]
menu_dlc131.arc,[CM3D2 Shop][Monthly Pack 11][Sexy Waitress Set]
menu_dlc132.arc,[CM3D2 Shop][Monthly Pack 11][Fairytale Dress Set]
menu_dlc133.arc,[CM3D2 Shop][Monthly Pack 11][Frow Ribbon Lingerie Set]
script_cos011ane.arc,[CM3D2 Shop][Monthly Pack 11][Character VIP Plus][Oneechan]
script_cos011.arc,[CM3D2 Shop][Monthly Pack 11][Situation VIP Plus][Cheating NTR]
csv_kissevent2017march.arc,[CM3D2 Shop][MISC][KISS Event 2017 March]
csv_kissevent2017marchBox.arc,[CM3D2 MISC][KISS Event 2017 March - Box]
csv_kissevent2017marchPostervpvr.arc,[CM3D2 MISC][KISS Event 2017 March - Poster VR]
csv_kissevent2017marchScase.arc,[CM3D2 MISC][KISS Event 2017 March - SCase]
menu_kissevent2017marchPen.arc,[CM3D2 MISC][KISS Event 2017 March - Pen]
menu_kissevent2017marchTshirt.arc,[CM3D2 MISC][KISS Event 2017 March - T-Shirt]
menu_dlc138.arc,[CM3D2 Shop][Collaboration 14][CarolWorks][Otorena Costume Set][Tsukushi Uniform Set]
menu_dlc139.arc,[CM3D2 Shop][Collaboration 14][CarolWorks][Otorena Costume Set][Rikoudou Butler Set]
csv_ytgc012.arc,[CM3D2 Shop][Yotogi Class Skills Vol.12[[Abyss Maid]
menu_dlc134.arc,[CM3D2 Shop][Monthly Pack 12][Flower Lace Tunic Set]
menu_dlc135.arc,[CM3D2 Shop][Monthly Pack 12][Simple Maid Clothes]
menu_dlc136.arc,[CM3D2 Shop][Monthly Pack 12][Sleeveless Plain Clothing Set]
menu_dlc137.arc,[CM3D2 Shop][Monthly Pack 12][Relaxing Inner Set]
script_cos012boku.arc,[CM3D2 Shop][Monthly Pack 12][Character VIP Plus][Genki]
script_cos012.arc,[CM3D2 Shop][Monthly Pack 12][Situation VIP Plus][Tired Play]
menu_pp003p.arc,[CM3D2 Append][Plus Pack ACT 3.1]
menu_dlc125.arc,[CM3D2 Shop][Collaboration 12.5][NanaWind][HaruGra Costume Set][Yasa Rieki Set]
menu_dlc140.arc,[CM3D2 Shop][Collaboration 15][NEKO WORKs][Chocolat&Vanilla][Costume][NEKOPARA - Chocolat Maid]
menu_dlc141.arc,[CM3D2 Shop][Collaboration 15][NEKO WORKs][Chocolat&Vanilla][Costume][NEKOPARA - Vanilla Maid]
menu_vrcom.arc,[CM3D2 Append][Vacation Pack VR]
menu_dlc142.arc,[CM3D2 Shop][Monthly Pack 13][Sexy Panther Set]
menu_dlc143.arc,[CM3D2 Shop][Monthly Pack 13][Sexy Devil Set]
menu_dlc144.arc,[CM3D2 Shop][Monthly Pack 13][Sexy Nurse Set]
menu_dlc145.arc,[CM3D2 Shop][Monthly Pack 13][Milky Lingerie Set]
script_cos013.arc,[CM3D2 Shop][Monthly Pack 13][Situation VIP Plus][Swapping Play]
menu_dlc146.arc,[CM3D2 Shop][Collaboration 16][Lump of Sugar][Tayutama 2 AS Costume Set][Kohaku Set]
menu_dlc147.arc,[CM3D2 Shop][Collaboration 16][Lump of Sugar][Tayutama 2 AS Costume Set][Nano Set]
menu_dlc148.arc,[CM3D2 Shop][Collaboration 16][Lump of Sugar][Tayutama 2 AS Costume Set][Hifumi Set]
menu_dlc153.arc,[CM3D2 Shop][Collaboration 17][WillPlus][Ojonai Costume Set][Hair][Kuon Hair Set + Accessoires]
menu_dlc154.arc,[CM3D2 Shop][Collaboration 17][WillPlus][Ojonai Costume Set][Hair][Erika Hair Set + Accessoires]
menu_dlc155.arc,[CM3D2 Shop][Collaboration 17][WillPlus][Ojonai Costume Set][Hair][Natsuki Hair Set]
menu_dlc156.arc,[CM3D2 Shop][Collaboration 17][WillPlus][Ojonai Costume Set][Costume][Uniform + Heroine Socks Set]
menu_dlc149.arc,[CM3D2 Shop][Monthly Pack 14][Rain-awa Set]
menu_dlc150.arc,[CM3D2 Shop][Monthly Pack 14][Fancy Princess Set]
menu_dlc151.arc,[CM3D2 Shop][Monthly Pack 14][Charming Clown Set]
menu_dlc152.arc,[CM3D2 Shop][Monthly Pack 14][Pretty Flower Lace Set]
script_cos014.arc,[CM3D2 Shop][Monthly Pack 14][Situation VIP Plus][Prepared Exposure Play]
menu_dlc157.arc,[CM3D2 Shop][Collaboration 18][Hibiki Works][New Wife Raburike Set][Aiko Lycuri Set]
menu_dlc158.arc,[CM3D2 Shop][Collaboration 18][Hibiki Works][New Wife Raburike Set][Snowy Set]
menu_dlc159.arc,[CM3D2 Shop][Collaboration 18][Hibiki Works][New Wife Raburike Set][Ona Rinori Set]
csv_personal004.arc,[CM3D2 Append][Personality Add-on][Sadist]
csv_ytgc013.arc,[CM3D2 Shop][Yotogi Class Skills Vol.13][Pig Breeder Maid]
menu_dlc160.arc,[CM3D2 Shop][Monthly Pack 15][Ruffled Bikini Set]
menu_dlc161.arc,[CM3D2 Shop][Monthly Pack 15][Simple Ribbon Dress Set]
menu_dlc162.arc,[CM3D2 Shop][Monthly Pack 15][Front Cross Bikini Set]
menu_dlc163.arc,[CM3D2 Shop][Monthly Pack 15][STR Lingerie Set]
script_cos015dos.arc,[CM3D2 Shop][Monthly Pack 15][Character VIP Plus][Sadist]
script_cos015.arc,[CM3D2 Shop][Monthly Pack 15][Situation VIP Plus][Reverse Brush Down Play]
csv_ytgc014.arc,[CM3D2 Shop][Yotogi Class Skills Vol.14][Love Bound Maid]
menu_dlc165.arc,[CM3D2 Shop][Collaboration 19][Make Me Lover - Costume Set]
csv_SelfishDestiny.arc,[CM3D2 Shop][Collaboration 19][Dance][MML - Selfish Destiny Dance]
menu_dlc166.arc,[CM3D2 Shop][Monthly Pack 16][Marine Look Set]
menu_dlc167.arc,[CM3D2 Shop][Monthly Pack 16][Country Girl Set]
menu_dlc168.arc,[CM3D2 Shop][Monthly Pack 16][Sports Plain Clothes Set]
menu_dlc169.arc,[CM3D2 Shop][Monthly Pack 16][Cute Lace Lingerie]
script_cos016.arc,[CM3D2 Shop][Monthly Pack 16][Situation VIP Plus][Poolside Selection]
menu_dlc170.arc,[CM3D2 Shop][Collaboration 20][Alicesoft][Beat Valkyrie Ixseal Costume Set][Ixseal]
menu_dlc171.arc,[CM3D2 Shop][Collaboration 20][Alicesoft][Beat Valkyrie Ixseal Costume Set][Kyriel]
csv_ytgc015.arc,[CM3D2 Shop][Yotogi Class Skills Vol.15][Ecstasy Maid]
menu_dlc172.arc,[CM3D2 Shop][Monthly Pack 17][Girly Salopette Set]
menu_dlc173.arc,[CM3D2 Shop][Monthly Pack 17][Security Service Set]
menu_dlc174.arc,[CM3D2 Shop][Monthly Pack 17][Brillant Flower Set]
menu_dlc175.arc,[CM3D2 Shop][Monthly Pack 17][Hair][Smart Short]
script_cos017.arc,[CM3D2 Shop][Monthly Pack 17][Situation VIP Plus][NTR Training Video Letter]
csv_denkigai2017s.arc,[CM3D2 Shop][Denkigai 2017 Summer Item Set]
script_denkigai2017s.arc,[CM3D2 Shop][Denkigai 2017 Summer Item Set][Event]
menu_dlc180.arc,[CM3D2 Shop][Collaboration 21][HARUKAZE][Princess Stray Cat and Matters of the Heart 2 Costume Set][Iris]
menu_dlc181.arc,[CM3D2 Shop][Collaboration 21][HARUKAZE][Princess Stray Cat and Matters of the Heart 2 Costume Set][Noel]
menu_karaoke001.arc,[CM3D2 Append][Karaoke Pack VR 1]
menu_dlc176.arc,[CM3D2 Shop][Monthly Pack 18][Diandol Set]
menu_dlc177.arc,[CM3D2 Shop][Monthly Pack 18][Magical Pumpkin Dress Set]
menu_dlc178.arc,[CM3D2 Shop][Monthly Pack 18][Simple China Clothing Set]
menu_dlc179.arc,[CM3D2 Shop][Monthly Pack 18][Hair][Rogue]
script_cos018.arc,[CM3D2 Shop][Monthly Pack 18][Situation VIP Plus][Insanity Setting]
menu_dlc182.arc,[CM3D2 Shop][Collaboration 22][GIGA][BALDR BRINGER Costume Set][Baldr - Ellis Set]
menu_dlc183.arc,[CM3D2 Shop][Collaboration 22][GIGA][BALDR BRINGER Costume Set][Baldr - Gerd Set]
csv_ytgc016.arc,[CM3D2 Shop][Yotogi Class Skills Vol.16][Crisis Maid]
menu_dlc184.arc,[CM3D2 Shop][Monthly Pack 19][Office Readyware Set]
menu_dlc185.arc,[CM3D2 Shop][Monthly Pack 19][Naked Hoodie Set]
menu_dlc186.arc,[CM3D2 Shop][Monthly Pack 19][Ceremony Suit Set]
menu_dlc187.arc,[CM3D2 Shop][Monthly Pack 19][Corset Style Lingerie Set]
script_cos019.arc,[CM3D2 Shop][Monthly Pack 19][Situation VIP Plus][Unexpected Visitors]
menu_dlc188.arc,[CM3D2 Shop][Collaboration 23][SAGA PLANETs][Kin-iro Loveriche - Uniform Set][Kinkoi - Silvie School Uniform Set]
menu_dlc189.arc,[CM3D2 Shop][Collaboration 23][SAGA PLANETs][Kin-iro Loveriche - Uniform Set][Kinkoi - Reina School Uniform Set]
csv_ytgc017.arc,[CM3D2 Shop][Yotogi Class Skills Vol.17][Healing Maid]
menu_dlc190.arc,[CM3D2 Shop][Monthly Pack 20][Entertainment Bondage Set]
menu_dlc191.arc,[CM3D2 Shop][Monthly Pack 20][Bridal Dress Set]
menu_dlc192.arc,[CM3D2 Shop][Monthly Pack 20][Madame Fashion Set]
menu_dlc194.arc,[CM3D2 Shop][Monthly Pack 20][NPC][Boxed Patra]
script_cos020.arc,[CM3D2 Shop][Monthly Pack 20][Situation VIP Plus][Last Memories of the Year]
menu_dlc195.arc,[CM3D2 Shop][Collaboration 24][SAGA Planets][Kinkoi Costume Set][Sylvie Dress Set]
menu_dlc196.arc,[CM3D2 Shop][Collaboration 24][SAGA Planets][Kinkoi Costume Set][Reina Casual Set]
csv_ytgc018.arc,[CM3D2 Shop][Yotogi Class Skills Vol.18][Obedient Maid]
menu_dlc193.arc,[CM3D2 Shop][Monthly Pack 21][Sexy Teacher Set]
menu_dlc197.arc,[CM3D2 Shop][Monthly Pack 21][Knit Coat Plain Clothes Set]
menu_dlc198.arc,[CM3D2 Shop][Monthly Pack 21][Cybernetics Girl Set]
menu_dlc199.arc,[CM3D2 Shop][Monthly Pack 21][Venus Lingerie Set]
script_cos021.arc,[CM3D2 Shop][Monthly Pack 21][Skill Plus][Queen Handjob]
csv_denkigai2017w.arc,[CM3D2 Shop][Denkigai 2017 Winter Item Set]
script_denkigai2017w.arc,[CM3D2 Shop][Denkigai 2017 Winter Item Set][Event]
csv_denkigai2017wPoster3d21.arc,[CM3D2 MISC][Denkigai 2017 Winter][COM3D2 Poster]
csv_denkigai2017wPosterStarter.arc,[CM3D2 MISC][Denkigai 2017 Winter][COM3D2 Starter Pack Poster]
csv_denkigai2017wpcard.arc,[CM3D2 MISC][Denkigai 2017 Winter][Gift Card]
csv_denkigai2017wPosterkaraoke002.arc,[CM3D2 MISC][Denkigai 2017 Winter][Karaoke Pack VR 2 Poster]
csv_denkigai2017wkey3.arc,[CM3D2 MISC][Denkigai 2017 Winter][Rindere Acrylic Keychain]
menu_dlc200.arc,[CM3D2 Shop][Collaboration 25][Cocktail Soft][CanCan Bunny 3][Costume][Swatty Set]
menu_dlc201.arc,[CM3D2 Shop][Collaboration 25][Cocktail Soft][CanCan Bunny 3][Costume][Kagome Suzaki Set]
menu_karaoke002.arc,[CM3D2 Append][Karaoke Pack VR 2]
menu_dlc202.arc,[CM3D2 Shop][Monthly Pack 22][Happiness Valentine's Set]
menu_dlc203.arc,[CM3D2 Shop][Monthly Pack 22][Winter Casual Set]
menu_dlc204.arc,[CM3D2 Shop][Monthly Pack 22][Barista Set]
menu_dlc205.arc,[CM3D2 Shop][Monthly Pack 22][Flutter Ruffle Lingerie Set]
script_cos022.arc,[CM3D2 Shop][Monthly Pack 22][Rental Maid Plus][Ruriko Domame]
menu_dlc206.arc,[CM3D2 Shop][Collaboration 26][COM3D2 Launch Set][Delicate Maid Clothes]
menu_dlc207.arc,[CM3D2 Shop][Collaboration 26][COM3D2 Launch Set][Canon Maid Clothes]
menu_dlc208.arc,[CM3D2 Shop][Collaboration 26][COM3D2 Launch Set][Dolce Maid Clothes]
script_cos023.arc,[CM3D2 Shop][Collaboration 26][COM3D2 Launch Set][Event][To a new State!]
menu_magazine001.arc,[CM3D2 Append][Fanbook 1]
menu_magazine002.arc,[CM3D2 Append][Fanbook 2]
menu_shop001.arc,[CM3D2 MISC][Pre-Order Bonus 01][Ordinary Maid Set]
menu_shop002.arc,[CM3D2 MISC][Pre-Order Bonus 02][Gothic Lace Dress]
menu_shop003.arc,[CM3D2 MISC][Pre-Order Bonus 03][Racing Maid]
menu_shop004.arc,[CM3D2 MISC][Pre-Order Bonus 04][Military One Piece]
menu_shop005.arc,[CM3D2 MISC][Pre-Order Bonus 05][Teacher Outfit]
menu_shop006.arc,[CM3D2 MISC][Pre-Order Bonus 06][Exotic dancer]
menu_shop007.arc,[CM3D2 MISC][Pre-Order Bonus 07][Garter Stocking]
menu_shop008.arc,[CM3D2 MISC][Pre-Order Bonus 08][Captivating Bustier]
menu_shop009.arc,[CM3D2 MISC][Pre-Order Bonus 09][Swimsuit]
menu_shop010.arc,[CM3D2 MISC][Pre-Order Bonus 10][Bare Ribbon]
csv_anniversary001.arc,[CM3D2 MISC][KISS][1st Anniversary VIP Event]
script_xmas2016.arc,[CM3D2 MISC][KISS][Christmas 2016 and VIP Events]
script_event001.arc,[CM3D2 MISC][KISS][Valentines Events 2016]
script_event002.arc,[CM3D2 MISC][KISS][Valentines Events 2017]
sound_20160401.arc,[CM3D2 MISC][KISS][April Fools'][2016 - Empire Defenders]
sound_20170401.arc,[CM3D2 MISC][KISS][April Fools'][2017 - Empire Fighters]
menu_cbp.arc,[CM3D2 MISC][KISS][CBL Bonus V1][Costume only]
menu_wp001.arc,[CM3D2 MISC][KISS][W-Pack Bonus]
voice_urayome001.arc,[CM3D2 MISC][KISS][Rewards from Contest - Maid After Hours][Masturbation Peeping VIP]
menu_vr.arc,[CM3D2 MISC][KISS][VR Bonus][Fried Chicken Earrings]
menu_release.arc,[CM3D2 MISC][KISS][Release Bonus][Launch Shirt + Drill]
voice_voicedvd_live.arc,[CM3D2 MISC][KISS][Yandere Drama CD][Plugin]
menu_dlsite.arc,[CM3D2 MISC] DLSite Bonus][Original Mascot Set]
menu_sixteen.arc,[CM3D2 MISC][Sixteen Bonus][Nao Shirt]
menu_tech002.arc,[CM3D2 MISC][TECH GIAN Bonus][November 2016 Issue]
menu_chirashi001.arc,[CM3D2 MISC][Tokyo Big Sight Bonus][Medal Necklace]
menu_cd001.arc,[CM3D2 MISC][Vocal Collection 1][Music Dress Set]
csv_nc_sakura.arc,[CM3D2 MISC][NicoNicoLive][VIP Event for Sakura - The Netori'd Catgirl]
csv_bugbug.arc,[CM3D2 MISC][BugBug 2017]
menu_dlc210.arc,[COMXCM][COM3D2 Shop][Collaboration 27][Pixel Mint - Paradize Ocean Set]
menu_dlc213.arc,[COMXCM][COM3D2 Shop][Collaboration 28][ensemble - Koihana Character Set]
menu_dlc216.arc,[COMXCM][COM3D2 Shop][Collaboration 29][Alicesoft - Rance 10 Character Set]
menu_dlc218.arc,[COMXCM][COM3D2 Shop][Collaboration 30][ANIM - Kabe Tsuma 2]
menu_dlc223.arc,[COMXCM][COM3D2 Shop][Collaboration 31][Yuzusoft - Riddle Joker Character Set]
menu_dlc226.arc,[COMXCM][COM3D2 Shop][Collaboration 32][F&C - Suigetsu Character Set]
menu_dlc228.arc,[COMXCM][COM3D2 Shop][Collaboration 33][Alumi Soft - Wanko no Yomeiri Character Set]
menu_dlc239.arc,[COMXCM][COM3D2 Shop][Collaboration 34][Madosoft - Raspberry Cube Full Set]
menu_dlc237.arc,[COMXCM][COM3D2 Shop][Collaboration 35][Minikui Mojika no Ko Character Set]
menu_dlc243.arc,[COMXCM][COM3D2 Shop][Collaboration 36][Mirai Radio to Jinkou-bato]
menu_dlc246.arc,[COMXCM][COM3D2 Shop][Collaboration 37][Kin'iro Loveriche -Golden Time]
menu_dlc250.arc,[COMXCM][COM3D2 Shop][Collaboration 38][CRYSTALiA - Mekuiro -Tsubaki Renka- Set]
menu_dlc254.arc,[COMXCM][COM3D2 Shop][Collaboration 39][Alicesoft - Evenicle 2 Set]
menu_dlc266.arc,[COMXCM][COM3D2 Shop][Collaboration 40][Clochette - Korolum Character Set]
menu_dlc271ns.arc,[COMXCM][COM3D2 Shop][Collaboration 41][Clochette - Korolum Character Set 2]
menu_dlc286.arc,[COMXCM][COM3D2 Shop][Collaboration 42][Alumi Soft - Wanko no Yomeiri 2 Character Set]
menu_dlc278.arc,[COMXCM][COM3D2 Shop][Collaboration 43][August - Iris Mysteria Character Set]
menu_dlc298.arc,[COMXCM][COM3D2 Shop][Collaboration 44][Nekoworks - NekoPara Character Set]
menu_dlc304.arc,[COMXCM][COM3D2 Shop][Collaboration 45][Giga - Ai Kiss Set]
menu_dlc308.arc,[COMXCM][COM3D2 Shop][Collaboration 48][August - Iris Mysteria Set 2]
menu_dlc318.arc,[COMXCM][COM3D2 Shop][Collaboration 49][Pajamas EX - Mari Set]
menu_dlc326.arc,[COMXCM][COM3D2 Shop][Collaboration 50][Pajamas EX - Me and Teachers H-Set]
menu_dlc345.arc,[COMXCM][COM3D2 Shop][Collaboration 51][August - Iris Mysteria Set 3]
menu_dlc361.arc,[COMXCM][COM3D2 Shop][Collaboration 52][Madosofu - Hamidashi Creative]
menu_dlc355.arc,[COMXCM][COM3D2 Shop][Collaboration 53][Giga - Ai Kiss 2 Set]
menu_dlc374.arc,[COMXCM][COM3D2 Shop][Collaboration 54][Pajama EX - Amama Sharing]
menu_dlc378.arc,[COMXCM][COM3D2 Shop][Collaboration 55][Caricature - Glass Princess and Mirror's Cousin]
menu_dlc399cloth.arc,[COMXCM][COM3D2 Shop][Collaboration 56][Caricature - Parfait Remake]
csv_omytgc001.arc,[COMXCM][COM3D2 Shop][Yotogi Class Skills Vol.19][Soap Maid]
csv_omytgc002.arc,[COMXCM][COM3D2 Shop][Yotogi Class Skills Vol.20][Abnormal]
csv_omytgc003.arc,[COMXCM][COM3D2 Shop][Yotogi Class Skills Vol.21][Love & Lust Maid]
csv_omytgc004.arc,[COMXCM][COM3D2 Shop][Yotogi Class Skills Vol.22][Restraint Transformation]
csv_omytgc005.arc,[COMXCM][COM3D2 Shop][Yotogi Class Skills Vol.23][Obedient & Hard Swap]
csv_omytgc006.arc,[COMXCM][COM3D2 Shop][Yotogi Class Skills Vol.24][Master Play & Perverted Shame]
csv_omytgc007.arc,[COMXCM][COM3D2 Shop][Yotogi Class Skills Vol.25][Pampered & Service Mother]
csv_omytgc008.arc,[COMXCM][COM3D2 Shop][Yotogi Class Skills Vol.26][Maniac & Hard Restrained]
menu_cas052.arc,[COMXCM][COM3D2 Shop Freebee][CR Edit Commemorative Items]
menu_dlc372.arc,[COMXCM][COM3D2 Shop Freebee][Cute Santa Set]
menu_cas020.arc,[COMXCM][COM3D2 Shop Freebee][Medical Eye Patch]
menu_cas035.arc,[COMXCM][COM3D2 Shop Freebee][Mask]
menu_free002.arc,[COMXCM][COM3D2 Shop Freebee][Valentines Chocolate Set]
menu_free005.arc,[COMXCM][COM3D2 Shop Freebee][Hat & Paper]
menu_oldplus002hair1.arc,[COMXCM][COM3D2 Shop][Vigilance&Lover Plus][Tsundere][Hair]
menu_oldplus003hair1.arc,[COMXCM][COM3D2 Shop][Vigilance&Lover Plus][Kuudere][Hair]
script_oldplus004.arc,[COMXCM][COM3D2 Shop][Vigilance&Lover Plus][Yandere][Hair&Event]
menu_oldplus005hair1.arc,[COMXCM][COM3D2 Shop][Vigilance&Lover Plus][Oneechan][Hair]
menu_cas008.arc,[COMXCM][COM3D2 Shop][Event AddOn Vol.13][+Costume]
menu_cas017.arc,[COMXCM][COM3D2 Shop][Event AddOn Vol.14][+Costume]
menu_dlc338.arc,[COMXCM][COM3D2 Shop][Event AddOn Vol.15][+Costume]
menu_cw001cloth4.arc,[COMXCM][COM3D2 Shop][Costume & Shopping Set Vol.1]
menu_cw002cloth4.arc,[COMXCM][COM3D2 Shop][Costume & Shopping Set Vol.2]
menu_dlc409.arc,[COMXCM][COM3D2 Shop][Costume & Shopping Set Vol.3]
menu_cas006.arc,[COMXCM][COM3D2 Shop][Costume Set Vol.01]
menu_dlc313.arc,[COMXCM][COM3D2 Shop][Costume Set Vol.02]
menu_cw003cloth3.arc,[COMXCM][COM3D2 Shop][Costume Set Vol.03]
menu_dlc317.arc,[COMXCM][COM3D2 Shop][Costume Set Vol.04]
menu_dlc322.arc,[COMXCM][COM3D2 Shop][Costume Set Vol.05]
menu_cas014.arc,[COMXCM][COM3D2 Shop][Costume Set Vol.06]
menu_dlc325.arc,[COMXCM][COM3D2 Shop][Costume Set Vol.07]
menu_dlc327.arc,[COMXCM][COM3D2 Shop][Costume Set Vol.08]
menu_dlc333.arc,[COMXCM][COM3D2 Shop][Costume Set Vol.09]
menu_dlc340.arc,[COMXCM][COM3D2 Shop][Costume Set Vol.10]
menu_dlc348.arc,[COMXCM][COM3D2 Shop][Costume Set Vol.11]
menu_dlc356.arc,[COMXCM][COM3D2 Shop][Costume Set Vol.12]
menu_dlc367.arc,[COMXCM][COM3D2 Shop][Costume Set Vol.13]
menu_cas022.arc,[COMXCM][COM3D2 Shop][Costume Set Vol.14]
menu_cas028.arc,[COMXCM][COM3D2 Shop][Costume Set Vol.15]
menu_cas034.arc,[COMXCM][COM3D2 Shop][Costume Set Vol.16]
menu_cas041.arc,[COMXCM][COM3D2 Shop][Costume Set Vol.17]
menu_dlc381.arc,[COMXCM][COM3D2 Shop][Costume Set Vol.18]
menu_cas047.arc,[COMXCM][COM3D2 Shop][Costume Set Vol.19]
menu_dlc389.arc,[COMXCM][COM3D2 Shop][Costume Set Vol.20]
menu_cas055.arc,[COMXCM][COM3D2 Shop][Costume Set Vol.21]
menu_cas061.arc,[COMXCM][COM3D2 Shop][Costume Set Vol.22]
menu_cas066.arc,[COMXCM][COM3D2 Shop][Costume Set Vol.23]
menu_dlc397.arc,[COMXCM][COM3D2 Shop][Costume Set Vol.24]
menu_cr005.arc,[COMXCM][COM3D2 Shop][Costume Set Vol.25]
menu_dlc403.arc,[COMXCM][COM3D2 Shop][Costume Set Vol.26]
menu_cas072.arc,[COMXCM][COM3D2 Shop][Costume Set Vol.27]
menu_dlc412.arc,[COMXCM][COM3D2 Shop][Costume Set Vol.28]
menu_dlc421.arc,[COMXCM][COM3D2 Shop][Costume Set Vol.29]
menu_cas073.arc,[COMXCM][COM3D2 Shop][Costume Set Vol.30]
menu_dlc371.arc,[COMXCM][COM3D2 Shop][Adult Costume Set Vol.01]
menu_cw007cloth3.arc,[COMXCM][COM3D2 Shop][Adult Costume Set Vol.02]
menu_dlc385.arc,[COMXCM][COM3D2 Shop][Adult Costume Set Vol.03]
menu_cw004cloth3.arc,[COMXCM][COM3D2 Shop][Date Pack 1][Spring 2020]
menu_cw005cloth4.arc,[COMXCM][COM3D2 Shop][Date Pack 2][Summer 2020]
menu_sp007cloth3.arc,[COMXCM][COM3D2 Shop][Date Pack 3][Winter 2021]
menu_sp001cloth3.arc,[COMXCM][COM3D2 Shop][Season Pack 1][Summer 2018]
menu_sp002cloth3.arc,[COMXCM][COM3D2 Shop][Season Pack 2][Autumn 2018]
menu_sp003cloth3.arc,[COMXCM][COM3D2 Shop][Season Pack 3][Winter 2018]
menu_sp004cloth3.arc,[COMXCM][COM3D2 Shop][Season Pack 4][Spring 2019]
menu_sp005cloth3.arc,[COMXCM][COM3D2 Shop][Season Pack 5][Summer 2019]
menu_sp006cloth1.arc,[COMXCM][COM3D2 Shop][Season Pack 6][Winter 2019]
menu_denkigai2018s.arc,[COMXCM][COM3D2 Shop][Denkigai 2018 Summer Item Set][Event Version]
menu_denkigai2018w.arc,[COMXCM][COM3D2 Shop][Denkigai 2018 Winter Item Set][Event Version]
menu_denkigai2019s.arc,[COMXCM][COM3D2 Shop][Denkigai 2019 Summer Item Set][Event Version]
menu_denkigai2019w.arc,[COMXCM][COM3D2 Shop][Denkigai 2019 Winter Item Set][Event Version]
menu_denkigai2020s.arc,[COMXCM][COM3D2 Shop][Denkigai 2020 Summer Item Set][Event Version]
menu_denkigai2020w.arc,[COMXCM][COM3D2 Shop][Denkigai 2020 Winter Item Set][Event Version]
menu_denkigai2021s.arc,[COMXCM][COM3D2 Shop][Denkigai 2021 Summer Item Set][Event Version]
menu_kissevent2018.arc,[COMXCM][COM3D2 Shop][MISC][KISS Event 2018 March]
menu_com3d2cbp.arc,[COMXCM][COM3D2 Shop][MISC][CBL Maid Set V2]
menu_magazine003.arc,[COMXCM][COM3D2 Append][Fanbook 3]
menu_dlc392.arc,[COMXCM][COM3D2 Append][AV Pack Vol.1]
menu_dlc413.arc,[COMXCM][COM3D2 Append][AV Pack Vol.2]
menu_dlc415.arc,[COMXCM][COM3D2 Shop][Hair & Headpart Set]
csv_kissevent2018_pamphlet.arc,[COMXCM][MISC][KISS Event 2018 - KISS 20th Anniversary Memorial Book Desktop Item]
texture_shop021.arc,[COMXCM][GP01 Pre-Order Bonus][Sexy Tail Dress Set]
menu_bcc.arc,[COMXCM][MISC][BitCash Collaboration Set 1]
menu_bcc3.arc,[COMXCM][MISC][BitCash Collaboration Set 2]
texture_ggcc.arc,[COMXCM][MISC][GoGo Curry Collaboration Costume Set]
menu_maidcafec.arc,[COMXCM][MISC][Cafe Mailish Collaboration Maid Set I]
menu_maidcafec2.arc,[COMXCM][MISC][Cafe Mailish Collaboration Maid Set II]
menu_maidcafec3.arc,[COMXCM][MISC][Cafe Mailish Collaboration Maid Set III]
menu_bugbug002.arc,[COMXCM][MISC][BuGBug Lingerie]
csv_bugbug003.arc,[COMXCM][MISC][BugBug Yotogi Class Skills]
menu_3d21reserve.arc,[COMXCM][Grade Up Reservation Campaign Vol. 1]
menu_cd002.arc,[COMXCM][MISC][Vocal Collection 2][Groove Dress]
menu_cd003.arc,[COMXCM][MISC][Vocal Collection 3][Sound Dress]
menu_tech003.arc,[COMXCM][Tech Gian][Sakura Moyu Kuro Narikiri Set]
menu_tech004.arc,[COMXCM][Tech Gian][Raspberry Cube Ruri Uniform]
menu_dlc279.arc,[COMXCM][Tech Gian][Iris Mysteria Set 1 - Chris]
menu_dlc309.arc,[COMXCM][Tech Gian][Iris Mysteria Set 2 - Koto]
menu_dlc346.arc,[COMXCM][Tech Gian][Iris Mysteria Set 3 - Lydia]
model_vac001.arc,[COMXCM][Tech Gian][Voice Actress Concerto 1]
menu_vac002.arc,[COMXCM][Tech Gian][Voice Actress Concerto 2]
csv_denkigai2018srecord.arc,[COMXCM][MISC][Denkigai 2018 Summer][Analog Record]
csv_denkigai2018sposterhubs2.arc,[COMXCM][MISC][Denkigai 2018 Summer][Chu-B Lip S2 Poster]
csv_denkigai2018spostercm3d2com3d2.arc,[COMXCM][MISC][Denkigai 2018 Summer][COM3D2&CM3D2 WPack Poster]
csv_denkigai2018spcard.arc,[COMXCM][MISC][Denkigai 2018 Summer][Gift Card]
csv_denkigai2018spostermukuti.arc,[COMXCM][MISC][Denkigai 2018 Summer][Poster Bookworm]
csv_denkigai2018ssposter1.arc,[COMXCM][MISC][Denkigai 2018 Summer][Stick Poster Bookworm]
csv_denkigai2018sposteryandere.arc,[COMXCM][MISC][Denkigai 2018 Summer][Yandere Personality Pack Poster]
menu_denkigai2018syosikoshirt.arc,[COMXCM][MISC][Denkigai 2018 Summer][Yoshiko T-Shirt]
csv_denkigai2018wpcard.arc,[COMXCM][MISC][Denkigai 2018 Winter][Gift Card]
menu_denkigai2018wmumuta.arc,[COMXCM][MISC][Denkigai 2018 Winter][Mumuta Original Costume Set 1]
menu_denkigai2019smumuta.arc,[COMXCM][MISC][Denkigai 2019 Summer][Mumuta Original Costume Set 2]
csv_denkigai2019ssposter1.arc,[COMXCM][MISC][Denkigai 2019 Summer][Maid Secretary StickPoster]
csv_denkigai2019ssposter2.arc,[COMXCM][MISC][Denkigai 2019 Summer][Imouto Stick Poster]
csv_denkigai2019ssposter3.arc,[COMXCM][MISC][Denkigai 2019 Summer][Wary StickPoster]
csv_denkigai2019wposter.arc,[COMXCM][MISC][Denkigai 2019 Winter][Ojousama Poster]
csv_soukiyoyaku.arc,[COMXCM][MISC][Early Reservation Campaign Fancy Paper]
menu_nijiyomec.arc,[COMXCM][MISC][DLSite Bonus - Nijiyomec Costume]
bg_yomeidokanteidan_bromide.arc,[COMXCM][S-Court CR Shop][Bromide]
bg_yomeidokanteidan_sticker.arc,[COMXCM][S-Court CR Shop][Sticker]
bg_yomeidokanteidan_portrait.arc,[COMXCM][S-Court CR Shop][Portrait]
bg_yomeidokanteidan_nicepot.arc,[COMXCM][S-Court CR Shop][Nice Pot]
bg_yomeidokanteidan_nicescroll.arc,[COMXCM][S-Court CR Shop][Nice Scroll]
bg_yomeidokanteidan_accset.arc,[COMXCM][S-Court CR Shop][Jewelry Box]
menu_yomeidokanteidan_appraiser.arc,[COMXCM][S-Court CR Shop][Appraiser Uniform]
bg_yomeidokanteidan_bladeset.arc,[COMXCM][S-Court CR Shop][Blade Set]
menu_yomeidokanteidan2_godmaid.arc,[COMXCM][S-Court CR Shop][Goddess Maid]
menu_yomeidokanteidan_legendmaid.arc,[COMXCM][S-Court CR Shop][Legendary Maid Set]
menu_yomeidokanteidan_superguneset.arc,[COMXCM][S-Court CR Shop][Luxurious Fantasy Gun Set]
bg_yomeidokanteidan_Jewelrybox_b.arc,[COMXCM][S-Court CR Shop][Luxurious Piercings]
menu_yomeidokanteidan_realguneset.arc,[COMXCM][S-Court CR Shop][Luxurious Real Gun Set]
bg_yomeidokanteidan_swordset.arc,[COMXCM][S-Court CR Shop][Master's Sword]
menu_yomeidokanteidan2_queendevilmaid.arc,[COMXCM][S-Court CR Shop][Queen Devil Maid]
menu_yomeidokanteidan_tshirt.arc,[COMXCM][S-Court CR Shop][T-Shirt]
bg_yomeidokanteidan_coaster.arc,[COMXCM][S-Court CR Shop][Uncle Coaster]
bg_yomeidokanteidan_minimat.arc,[COMXCM][S-Court CR Shop][Uncle Mat]
menu_dlc428.arc,[COMXCM][COM3D2 Shop][Adult Costume Set Vol.04]
menu_dlc435.arc,[COMXCM][COM3D2 Shop][Design Contest SP]
menu_dlc432.arc,[COMXCM][COM3D2 Shop][Halloween Party SP]
menu_oldplus008hair1.arc,[COMXCM][COM3D2 Shop][GP01-FB Wary Hair]
menu_oldplus009hair1.arc,[COMXCM][COM3D2 Shop][GP01+ Wary Costume & Hair]
menu_oldplus010hair1.arc,[COMXCM][COM3D2 Shop][GP01+ Ojusama Hair]
menu_cas085.arc,[COMXCM][COM3D2 Shop][Collaboration 57][CIRCUS - D.C.4 Plus Harmony & D.S.-Dal Segno]
menu_cas083.arc,[COMXCM][COM3D2 Shop][Costume Set Vol.31]
menu_dlc436.arc,[COMXCM][COM3D2 Shop][Christmas 2021 Karaoke SP Cat Santa]
menu_dlc437.arc,[COMXCM][COM3D2 Shop][NPC Event Pack]
menu_dlc438.arc,[COMXCM][COM3D2 Shop][Love Hotel - Business Expansion Pack]
menu_cas091.arc,[COMXCM][COM3D2 Shop][Costume Set Vol.32]
script_omytgc004_old2.arc,[COMXCM][COM3D2 Shop][Yotogi Class Skills Vol.22][Restraint Transformation + Yandere]
menu_oldplus011hair2.arc,[COMXCM][COM3D2 Shop][GP01-FB Sadist][Costume & Hair]
menu_dlc447.arc,[COMXCM][COM3D2 Shop][Collaboration 59][Carricature Ikis 3]
menu_cas098.arc,[COMXCM][COM3D2 Shop][Costume Set Vol.33]
script_omytgc007_add.arc,[COMXCM][COM3D2 Shop][Yotogi Class Skills Vol.25][Pampered Mother Maid + Yandere]
menu_dlc433.arc,[COMXCM][COM3D2 Shop][Small Fashion & Accessoires Set][Accessoires]
menu_dlc443.arc,[COMXCM][COM3D2 Shop][Costume Set Vol.34]
menu_maidcafe4.arc,[COMXCM][MISC][Cafe Mailish Collaboration Maid Set IV]
menu_oldplus007hair2.arc,[COMXCM][COM3D2 Shop][GP01+ Ladylike][Hair]
menu_dlc448.arc,[COMXCM][COM3D2 Shop][Night Fairy & Karaoke Cohabitation Pack][Pure Hanging][Casual Innocent Parker Set]
menu_dlc450.arc,[COMXCM][COM3D2 Shop][Night Fairy & Karaoke Cohabitation Pack][Tsundere Hanging][Off-The-Shoulder Girly Set]