20210608
parts_shop011_gp003.aba,[CR-Edit][Preorder Shop Bonus][KISS][Frau Maid Set]
parts_shop014_gp003.aba,[CR-Edit][Preorder Shop Bonus][Sofmap][Fabulous Madame Set]
parts_shop016_gp003.aba,[CR-Edit][Preorder Shop Bonus][KISS][Riding Hood Set]
parts_shop017_gp003.aba,[CR-Edit][Preorder Shop Bonus][Toranoana][Fancy Angel Set]
parts_shop018_gp003.aba,[CR-Edit][Preorder Shop Bonus][Getchu][Cowgirl Set]
parts_shop019_gp003.aba,[CR-Edit][Preorder Shop Bonus][Trader][Highleg Night Set]
parts_shop020_gp003.aba,[CR-Edit][Preorder Shop Bonus][Melon Book][Mero-chan Costume Set]
parts_dlc390_gp003.aba,[CR-Edit][Shop][AV-Pack][Hitomi Hair Set]
parts_dlc391_gp003.aba,[CR-Edit][Shop][AV-Pack][Asymmetric Flower Lingerie Set]
parts_dlc392_gp003.aba,[CR-Edit][Shop][AV-Pack][Sexy Dance Dress Set]
parts_dlc398cloth_gp003.aba,[CR-Edit][Shop][Collaboration][Caricature - Parfait Remake][Costume][Kasemi Yuriri Set]
parts_dlc398hair_gp003.aba,[CR-Edit][Shop][Collaboration][Caricature - Parfait Remake][Hair][Kasemi Yuriri Set]
parts_dlc399cloth_gp003.aba,[CR-Edit][Shop][Collaboration][Caricature - Parfait Remake][Costume][Rei Hanatori Yingkiri Set]
parts_dlc399hair_gp003.aba,[CR-Edit][Shop][Collaboration][Caricature - Parfait Remake][Hair][Rei Hanatori Yingkiri SetSet]
parts_dlc394_gp003.aba,[CR-Edit][Shop][Costume Set][Vol.24][Sleeveless Sailor Dress Set]
parts_dlc395_gp003.aba,[CR-Edit][Shop][Costume Set][Vol.24][Pop Parker Set]
parts_dlc396_gp003.aba,[CR-Edit][Shop][Costume Set][Vol.24][Cute See-through Shoulder Set]
parts_dlc397_gp003.aba,[CR-Edit][Shop][Costume Set][Vol.24][Ruffle Off-the-Shoulder Set]
parts_cr001_gp003.aba,[CR-Edit][Shop][Costume Set][Vol.25][Self Protecting Weapon Set]
parts_cr002_gp003.aba,[CR-Edit][Shop][Costume Set][Vol.25][Glasshoe Set]
parts_cr003_gp003.aba,[CR-Edit][Shop][Costume Set][Vol.25][New Generation Maid Clothing Set]
parts_cr004_gp003.aba,[CR-Edit][Shop][Costume Set][Vol.25][Fashion Temptation Lingerie Set]
parts_cr005_gp003.aba,[CR-Edit][Shop][Costume Set][Vol.25][Cool Temptation Set]
parts_dlc400_gp003.aba,[CR-Edit][Shop][Costume Set][Vol.26][Knit & Suspender Set]
parts_dlc401_gp003.aba,[CR-Edit][Shop][Costume Set][Vol.26][High Leg Training Wear]
parts_dlc402_gp003.aba,[CR-Edit][Shop][Costume Set][Vol.26][Erotic Lace Lingerie]
parts_dlc403_gp003.aba,[CR-Edit][Shop][Costume Set][Vol.26][Sporty Training Wear]
