20220403
parts_shop011_gp003.aba,[CR-Edit][Preorder Shop Bonus][KISS][Frau Maid Set]
parts_shop014_gp003.aba,[CR-Edit][Preorder Shop Bonus][Sofmap][Fabulous Madame Set]
parts_shop016_gp003.aba,[CR-Edit][Preorder Shop Bonus][KISS][Riding Hood Set]
parts_shop017_gp003.aba,[CR-Edit][Preorder Shop Bonus][Toranoana][Fancy Angel Set]
parts_shop018_gp003.aba,[CR-Edit][Preorder Shop Bonus][Getchu][Cowgirl Set]
parts_shop019_gp003.aba,[CR-Edit][Preorder Shop Bonus][Trader][Highleg Night Set]
parts_shop020_gp003.aba,[CR-Edit][Preorder Shop Bonus][Melon Book][Mero-chan Costume Set]
parts_dlc390_gp003.aba,[CR-Edit][Shop][AV-Pack Vol.1][Hitomi Hair Set]
parts_dlc391_gp003.aba,[CR-Edit][Shop][AV-Pack Vol.1][Asymmetric Flower Lingerie Set]
parts_dlc392_gp003.aba,[CR-Edit][Shop][AV-Pack Vol.1][Sexy Dance Dress Set]
parts_dlc398cloth_gp003.aba,[CR-Edit][Shop][Collaboration][Caricature - Parfait Remake][Costume][Kasemi Yuriri Set]
parts_dlc398hair_gp003.aba,[CR-Edit][Shop][Collaboration][Caricature - Parfait Remake][Hair][Kasemi Yuriri Set]
parts_dlc399cloth_gp003.aba,[CR-Edit][Shop][Collaboration][Caricature - Parfait Remake][Costume][Rei Hanatori Yingkiri Set]
parts_dlc399hair_gp003.aba,[CR-Edit][Shop][Collaboration][Caricature - Parfait Remake][Hair][Rei Hanatori Yingkiri SetSet]
parts_dlc394_gp003.aba,[CR-Edit][Shop][Costume Set][Vol.24][Sleeveless Sailor Dress Set]
parts_dlc395_gp003.aba,[CR-Edit][Shop][Costume Set][Vol.24][Pop Parker Set]
parts_dlc396_gp003.aba,[CR-Edit][Shop][Costume Set][Vol.24][Cute See-through Shoulder Set]
parts_dlc397_gp003.aba,[CR-Edit][Shop][Costume Set][Vol.24][Ruffle Off-the-Shoulder Set]
parts_cr001_gp003.aba,[CR-Edit][Shop][Costume Set][Vol.25][Self Protecting Weapon Set]
parts_cr002_gp003.aba,[CR-Edit][Shop][Costume Set][Vol.25][Glasshoe Set]
parts_cr003_gp003.aba,[CR-Edit][Shop][Costume Set][Vol.25][New Generation Maid Clothing Set]
parts_cr004_gp003.aba,[CR-Edit][Shop][Costume Set][Vol.25][Fashion Temptation Lingerie Set]
parts_cr005_gp003.aba,[CR-Edit][Shop][Costume Set][Vol.25][Cool Temptation Set]
parts_dlc400_gp003.aba,[CR-Edit][Shop][Costume Set][Vol.26][Knit & Suspender Set]
parts_dlc401_gp003.aba,[CR-Edit][Shop][Costume Set][Vol.26][High Leg Training Wear]
parts_dlc402_gp003.aba,[CR-Edit][Shop][Costume Set][Vol.26][Erotic Lace Lingerie]
parts_dlc403_gp003.aba,[CR-Edit][Shop][Costume Set][Vol.26][Sporty Training Wear]
parts_dlc404_gp003.aba,[CR-Edit][Shop][Costume Set][Vol.28][Paleo Swimsuit]
parts_dlc405_gp003.aba,[CR-Edit][Shop][Costume Set][Vol.28][Clear One Piece]
parts_dlc408_gp003.aba,[CR-Edit][Shop][Costume Set][Vol.28][Arrangement Cheerleader]
parts_dlc412_gp003.aba,[CR-Edit][Shop][Costume Set][Vol.28][Open Erotic Underwear]
parts_personal_om011_gp003.aba,[CR-Edit][Shop][Personality][Friendly & Naughty Lady][Maid Clothes]
parts_personal_om011hair_gp003.aba,[CR-Edit][Shop][Personality][Friendly & Naughty Lady][Hairstyle]
parts_personal_om011underwear_gp003.aba,[CR-Edit][Shop][Personality][Friendly & Naughty Lady][Underwear]
parts_dlc406_gp003.aba,[CR-Edit][Shop][Costume & Shopping Set Vol.3][Flower Sama Dress]
parts_dlc410_gp003.aba,[CR-Edit][Shop][Costume & Shopping Set Vol.3][String Swimwear]
parts_dlc411_gp003.aba,[CR-Edit][Shop][Costume & Shopping Set Vol.3][High leg Ruffle Swimsuit]
parts_dlc413_gp003.aba,[CR-Edit][Shop][AV-Pack Vol.2][Elegant Lace Lingerie]
parts_dlc414_gp003.aba,[CR-Edit][Shop][AV-Pack Vol.2][Center See-Through Dress]
parts_dlc415_gp003.aba,[CR-Edit][Shop][Hair,Head & Face Parts Set][Dignify Hair & Accessoire]
parts_dlc416_gp003.aba,[CR-Edit][Shop][Hair,Head & Face Parts Set][Pure Heart Short Hair & Accessoire]
parts_dlc417_gp003.aba,[CR-Edit][Shop][Hair,Head & Face Parts Set][Mighty Twin Tail Hair & Accessoire]
parts_dlc418_gp003.aba,[CR-Edit][Shop][Hair,Head & Face Parts Set][Cool Beauty Hair & Accessoire]
parts_dlc419_gp003.aba,[CR-Edit][Shop][Hair,Head & Face Parts Set][Innocent Hair & Accessoire]
parts_dlc420_gp003.aba,[CR-Edit][Shop][Hair,Head & Face Parts Set][True Hair & Accessoire]
parts_dlcfacetex001.aba,[CR-Edit][Shop][Hair & Head Parts Set][Face Parts for GP01-FB]
parts_dlc421_gp003.aba,[CR-Edit][Shop][Costume Set][Vol.29][Navel-Show Cross Swimsuit Set]
parts_dlc422_gp003.aba,[CR-Edit][Shop][Costume Set][Vol.29][Sexy Salopet Set]
parts_dlc423_gp003.aba,[CR-Edit][Shop][Costume Set][Vol.29][Front Tie Shirt & Bikini Set]
parts_denkigai2021s.aba,[CR-Edit][Shop][Denkigai 2021 Summer][Item Set]
parts_dlc424_gp003.aba,[CR-Edit][Shop][Denkigai 2021 Summer][Fair Yukata Set]
parts_dlc425_gp003.aba,[CR-Edit][Shop][Denkigai 2021 Summer][See-Through & Damage Shorts Set]
parts_personal_om012_gp003.aba,[CR-Edit][Shop][Personality][Blunt Girl][Maid Clothes]
parts_personal_om012hair_gp003.aba,[CR-Edit][Shop][Personality][Blunt Girl][Hairstyle]
parts_personal_om012underwear_gp003.aba,[CR-Edit][Shop][Personality][Blunt Girl][Underwear]
parts_dlc426_gp003.aba,[CR-Edit][Shop][Adult Costume Set][Vol.4][Chic Pearl Lingerie Set]
parts_dlc427_gp003.aba,[CR-Edit][Shop][Adult Costume Set][Vol.4][Proud Lace Lingerie Set]
parts_dlc428_gp003.aba,[CR-Edit][Shop][Adult Costume Set][Vol.4][Leather Harness Lingerie Set]
parts_oldplus008hair1_gp003.aba,[CR-Edit][Shop][Personality GP-01Fb+][Wary][Brandt Hair Set]
parts_oldplus008hair2_gp003.aba,[CR-Edit][Shop][Personality GP-01Fb+][Wary][Hyde Hair Set]
parts_dlc434_gp003.aba,[CR-Edit][Shop][Design Contest SP Costume][Modern Style Maid Set]
parts_dlc435_gp003.aba,[CR-Edit][Shop][Design Contest SP Costume][Flower Maid Clothes & Lingerie Set]
parts_dlc433_gp003.aba,[CR-Edit][Shop][Fashion Accessoires][Fashion & Accessoires Set]
parts_dlc429_gp003.aba,[CR-Edit][Shop][Halloween Party SP Costume Set][Artifact Witch Set]
parts_dlc430_gp003.aba,[CR-Edit][Shop][Halloween Party SP Costume Set][Sexy Pumpkin Set]
parts_dlc431_gp003.aba,[CR-Edit][Shop][Halloween Party SP Costume Set][Mage Hair Set]
parts_dlc432_gp003.aba,[CR-Edit][Shop][Halloween Party SP Costume Set][Witch Hair Set]
parts_oldplus010hair1_gp003.aba,[CR-Edit][Shop][Personality GP01+][Ojusama][Preppy Hair Set]
parts_oldplus010hair2_gp003.aba,[CR-Edit][Shop][Personality GP01+][Ojusama][Refading Hair Set]
parts_oldplus009cloth1_gp003.aba,[CR-Edit][Shop][Personality GP01+][Wary][Midi Coat & Casual Set]
parts_oldplus009hair1_gp003.aba,[CR-Edit][Shop][Personality GP01+][Wary][Airy Short Bob Set]
parts_oldplus009hair2_gp003.aba,[CR-Edit][Shop][Personality GP01+][Wary][Quiet Hair Hair Set]
parts_dlc436_gp003.aba,[CR-Edit][Shop][Christmas Karaoke SP][Cat Santa Set]
parts_dlc436acc_gp003.aba,[CR-Edit][Shop][Christmas Accessoire & Event Set][Accessoire for Santa Set]
parts_dlc439_gp003.aba,[CR-Edit][Shop][Christmas Accessoire & Event Set][Accessoire Set]
parts_dlc437_gp003.aba,[CR-Edit][Shop][NPC Event Pack][Livilling Dress Set]
parts_dlc437hair_gp003.aba,[CR-Edit][Shop][NPC Event Pack][Hostess Hair Set]
parts_dlc438_gp003.aba,[CR-Edit][Shop][Business Expansion - Love Hotel][Winter Knit & Dress Set]
parts_oldplus011cloth_gp003.aba,[CR-Edit][Shop][Personality][Sadist GP-01Fb+][Queen Casual Set]
parts_oldplus011hair1_gp003.aba,[CR-Edit][Shop][Personality][Sadist GP-01Fb+][Queen Hair Set]
parts_oldplus011hair2_gp003.aba,[CR-Edit][Shop][Personality][Sadist GP-01Fb+][Empress Hair Set]
parts_dlc444_gp003.aba,[CR-Edit][Shop][Collab 059][Caricature Ikis 3 Set][Ikenaga Avola Uniform Set]
parts_dlc445_gp003.aba,[CR-Edit][Shop][Collab 059][Caricature Ikis 3 Set][Maniwa Karin Uniform Set]
parts_dlc446_gp003.aba,[CR-Edit][Shop][Collab 059][Caricature Ikis 3 Set][Ikenaga Avola Hair Set]
parts_dlc447_gp003.aba,[CR-Edit][Shop][Collab 059][Caricature Ikis 3 Set][Maniwa Karin Hair Set]
system_cres2.aba,[CR-Edit][KISS Character Edit System][X0]
parts_dlc440_gp003.aba,[CR-Edit][Shop][Costume Set][Vol.34][Sakurabana Saruki Set]
parts_dlc441_gp003.aba,[CR-Edit][Shop][Costume Set][Vol.34][Pony Hair Set]
parts_dlc442_gp003.aba,[CR-Edit][Shop][Costume Set][Vol.34][Future Streamer Set]
parts_dlc443_gp003.aba,[CR-Edit][Shop][Costume Set][Vol.34][Super Wave Hair Set]