20210724
parts_shop011_gp003.aba,[CR-Edit][Preorder Shop Bonus][KISS][Frau Maid Set]
parts_shop014_gp003.aba,[CR-Edit][Preorder Shop Bonus][Sofmap][Fabulous Madame Set]
parts_shop016_gp003.aba,[CR-Edit][Preorder Shop Bonus][KISS][Riding Hood Set]
parts_shop017_gp003.aba,[CR-Edit][Preorder Shop Bonus][Toranoana][Fancy Angel Set]
parts_shop018_gp003.aba,[CR-Edit][Preorder Shop Bonus][Getchu][Cowgirl Set]
parts_shop019_gp003.aba,[CR-Edit][Preorder Shop Bonus][Trader][Highleg Night Set]
parts_shop020_gp003.aba,[CR-Edit][Preorder Shop Bonus][Melon Book][Mero-chan Costume Set]
parts_dlc390_gp003.aba,[CR-Edit][Shop][AV-Pack Vol.1][Hitomi Hair Set]
parts_dlc391_gp003.aba,[CR-Edit][Shop][AV-Pack Vol.1][Asymmetric Flower Lingerie Set]
parts_dlc392_gp003.aba,[CR-Edit][Shop][AV-Pack Vol.1][Sexy Dance Dress Set]
parts_dlc398cloth_gp003.aba,[CR-Edit][Shop][Collaboration][Caricature - Parfait Remake][Costume][Kasemi Yuriri Set]
parts_dlc398hair_gp003.aba,[CR-Edit][Shop][Collaboration][Caricature - Parfait Remake][Hair][Kasemi Yuriri Set]
parts_dlc399cloth_gp003.aba,[CR-Edit][Shop][Collaboration][Caricature - Parfait Remake][Costume][Rei Hanatori Yingkiri Set]
parts_dlc399hair_gp003.aba,[CR-Edit][Shop][Collaboration][Caricature - Parfait Remake][Hair][Rei Hanatori Yingkiri SetSet]
parts_dlc394_gp003.aba,[CR-Edit][Shop][Costume Set][Vol.24][Sleeveless Sailor Dress Set]
parts_dlc395_gp003.aba,[CR-Edit][Shop][Costume Set][Vol.24][Pop Parker Set]
parts_dlc396_gp003.aba,[CR-Edit][Shop][Costume Set][Vol.24][Cute See-through Shoulder Set]
parts_dlc397_gp003.aba,[CR-Edit][Shop][Costume Set][Vol.24][Ruffle Off-the-Shoulder Set]
parts_cr001_gp003.aba,[CR-Edit][Shop][Costume Set][Vol.25][Self Protecting Weapon Set]
parts_cr002_gp003.aba,[CR-Edit][Shop][Costume Set][Vol.25][Glasshoe Set]
parts_cr003_gp003.aba,[CR-Edit][Shop][Costume Set][Vol.25][New Generation Maid Clothing Set]
parts_cr004_gp003.aba,[CR-Edit][Shop][Costume Set][Vol.25][Fashion Temptation Lingerie Set]
parts_cr005_gp003.aba,[CR-Edit][Shop][Costume Set][Vol.25][Cool Temptation Set]
parts_dlc400_gp003.aba,[CR-Edit][Shop][Costume Set][Vol.26][Knit & Suspender Set]
parts_dlc401_gp003.aba,[CR-Edit][Shop][Costume Set][Vol.26][High Leg Training Wear]
parts_dlc402_gp003.aba,[CR-Edit][Shop][Costume Set][Vol.26][Erotic Lace Lingerie]
parts_dlc403_gp003.aba,[CR-Edit][Shop][Costume Set][Vol.26][Sporty Training Wear]
parts_dlc404_gp003.aba,[CR-Edit][Shop][Costume Set][Vol.28][Paleo Swimsuit]
parts_dlc405_gp003.aba,[CR-Edit][Shop][Costume Set][Vol.28][Clear One Piece]
parts_dlc408_gp003.aba,[CR-Edit][Shop][Costume Set][Vol.28][Arrangement Cheerleader]
parts_dlc412_gp003.aba,[CR-Edit][Shop][Costume Set][Vol.28][Open Erotic Underwear]
parts_personal_om011_gp003.aba,[CR-Edit][Shop][Personality][Friendly & Naughty Lady][Maid Clothes]
parts_personal_om011hair_gp003.aba,[CR-Edit][Shop][Personality][Friendly & Naughty Lady][Hairstyle]
parts_personal_om011underwear_gp003.aba,[CR-Edit][Shop][Personality][Friendly & Naughty Lady][Underwear]
parts_dlc406_gp003.aba,[CR-Edit][Shop][Costume & Shopping Set Vol.3][Flower Sama Dress]
parts_dlc410_gp003.aba,[CR-Edit][Shop][Costume & Shopping Set Vol.3][String Swimwear]
parts_dlc411_gp003.aba,[CR-Edit][Shop][Costume & Shopping Set Vol.3][High leg Ruffle Swimsuit]
parts_dlc413_gp003.aba,[CR-Edit][Shop][AV-Pack Vol.2][Elegant Lace Lingerie]
parts_dlc414_gp003.aba,[CR-Edit][Shop][AV-Pack Vol.2][Center See-Through Dress]
